2026-05-18 06:46:43,907 INFO ============================================================
2026-05-18 06:46:43,908 INFO Mean Reversion Bot started
2026-05-18 06:46:43,908 INFO Entry: RSI < 30 + price > 1.0% below 20-day SMA
2026-05-18 06:46:43,909 INFO Exit:  +$40 target | $-20 stop | RSI >= 50 recovery
2026-05-18 06:46:43,909 INFO ============================================================
2026-05-18 09:38:59,030 INFO DAILY LOSS LIMIT $-109.94 — closing everything.
2026-05-18 09:40:17,716 INFO ============================================================
2026-05-18 09:40:17,719 INFO Mean Reversion Bot started
2026-05-18 09:40:17,719 INFO Entry: RSI < 30 + price > 1.0% below 20-day SMA
2026-05-18 09:40:17,720 INFO Exit:  +$40 target | $-20 stop | RSI >= 50 recovery
2026-05-18 09:40:17,720 INFO ============================================================
2026-05-18 09:41:21,344 INFO DAILY LOSS LIMIT $-113.07 — closing everything.
2026-05-18 09:42:37,596 INFO ============================================================
2026-05-18 09:42:37,609 INFO Mean Reversion Bot started
2026-05-18 09:42:37,622 INFO Entry: RSI < 30 + price > 1.0% below 20-day SMA
2026-05-18 09:42:37,623 INFO Exit:  +$40 target | $-60 stop | RSI >= 50 recovery
2026-05-18 09:42:37,624 INFO ============================================================
2026-05-18 09:43:44,189 INFO RSI RECOVERED GOOGL RSI>=50, P&L=$8.19 — closing.
2026-05-18 09:43:44,571 INFO RSI RECOVERED INTC RSI>=50, P&L=$-4.68 — closing.
2026-05-18 09:43:44,980 INFO   LYFT  P&L $+6.08  (target +$40 | stop $-60)
2026-05-18 09:43:45,324 INFO RSI RECOVERED MU RSI>=50, P&L=$2.86 — closing.
2026-05-18 09:43:45,859 INFO RSI RECOVERED RKLB RSI>=50, P&L=$33.60 — closing.
2026-05-18 09:44:46,492 INFO   LYFT  P&L $+19.76  (target +$40 | stop $-60)
2026-05-18 09:45:46,970 INFO   LYFT  P&L $+22.80  (target +$40 | stop $-60)
2026-05-18 09:46:47,447 INFO   LYFT  P&L $+25.84  (target +$40 | stop $-60)
2026-05-18 09:47:35,230 INFO ============================================================
2026-05-18 09:47:35,230 INFO Mean Reversion Bot started
2026-05-18 09:47:35,231 INFO Entry: RSI < 30 + price > 1.0% below 20-day SMA
2026-05-18 09:47:35,231 INFO Exit:  +$40 target | $-60 stop | RSI >= 50 recovery
2026-05-18 09:47:35,231 INFO ============================================================
2026-05-18 09:48:36,523 INFO Daily P&L: $-45.74  (limit $-300 | target $200)
2026-05-18 09:48:37,378 INFO TARGET HIT LYFT +$42.56 — closing.
2026-05-18 10:59:29,341 INFO ============================================================
2026-05-18 10:59:29,342 INFO Mean Reversion Bot started
2026-05-18 10:59:29,342 INFO Entry: RSI < 30 + price > 1.0% below 20-day SMA
2026-05-18 10:59:29,342 INFO Exit:  +$40 target | $-150 stop | RSI >= 50 recovery
2026-05-18 10:59:29,342 INFO ============================================================
2026-05-18 11:00:32,258 INFO Scanning for oversold mean-reversion setups...
2026-05-18 11:00:36,501 INFO Adding 1 watchlist ticker(s) to universe: ['XE']
2026-05-18 11:00:36,519 INFO Downloading 504 tickers for mean reversion scan...
2026-05-18 11:02:10,648 INFO Mean reversion scan complete — 47 oversold stocks found
2026-05-18 11:02:10,651 INFO   SIGNAL ZTS  $76.59  RSI=9.9  23.67% below SMA
2026-05-18 11:02:10,651 INFO   SIGNAL HUBB  $473.09  RSI=10.1  7.95% below SMA
2026-05-18 11:02:10,651 INFO   SIGNAL LULU  $120.14  RSI=16.8  11.12% below SMA
2026-05-18 11:02:10,652 INFO   SIGNAL PPL  $35.05  RSI=16.8  5.71% below SMA
2026-05-18 11:02:10,652 INFO   SIGNAL DHR  $164.01  RSI=17.0  5.92% below SMA
2026-05-18 11:02:13,153 INFO BUY 52x ZTS @ ~$76.59 | RSI=9.9 | 23.67% below SMA
2026-05-18 11:02:13,293 INFO BUY 8x HUBB @ ~$473.09 | RSI=10.1 | 7.95% below SMA
2026-05-18 11:02:13,435 INFO BUY 33x LULU @ ~$120.14 | RSI=16.8 | 11.12% below SMA
2026-05-18 11:02:13,599 INFO BUY 114x PPL @ ~$35.05 | RSI=16.8 | 5.71% below SMA
2026-05-18 11:02:13,748 INFO BUY 24x DHR @ ~$164.01 | RSI=17.0 | 5.92% below SMA
2026-05-18 11:02:13,895 INFO Daily P&L: $-178.89  (limit $-300 | target $200)
2026-05-18 11:02:14,510 INFO   CRL  P&L $-6.38  (target +$40 | stop $-150)
2026-05-18 11:02:14,895 INFO   CTSH  P&L $-3.20  (target +$40 | stop $-150)
2026-05-18 11:02:15,295 INFO RSI RECOVERED D RSI>=50, P&L=$-3.61 — closing.
2026-05-18 11:02:15,687 INFO RSI RECOVERED DXCM RSI>=50, P&L=$-11.78 — closing.
2026-05-18 11:02:16,073 INFO   HUBB  P&L $-0.00  (target +$40 | stop $-150)
2026-05-18 11:02:16,417 INFO   ZTS  P&L $-9.43  (target +$40 | stop $-150)
2026-05-18 11:03:17,059 INFO Daily P&L: $-251.15  (limit $-300 | target $200)
2026-05-18 11:03:17,599 INFO   CRL  P&L $-28.12  (target +$40 | stop $-150)
2026-05-18 11:03:17,892 INFO   CTSH  P&L $-12.00  (target +$40 | stop $-150)
2026-05-18 11:03:18,225 INFO   DHR  P&L $-12.00  (target +$40 | stop $-150)
2026-05-18 11:03:18,598 INFO   HUBB  P&L $-7.20  (target +$40 | stop $-150)
2026-05-18 11:03:18,808 INFO   LULU  P&L $+1.65  (target +$40 | stop $-150)
2026-05-18 11:03:19,061 INFO   PPL  P&L $-5.11  (target +$40 | stop $-150)
2026-05-18 11:03:19,389 INFO   ZTS  P&L $-24.28  (target +$40 | stop $-150)
2026-05-18 11:04:19,504 INFO Daily P&L: $-284.80  (limit $-300 | target $200)
2026-05-18 11:04:19,874 INFO   CRL  P&L $-30.25  (target +$40 | stop $-150)
2026-05-18 11:04:20,215 INFO   CTSH  P&L $-12.00  (target +$40 | stop $-150)
2026-05-18 11:04:20,495 INFO   DHR  P&L $-13.32  (target +$40 | stop $-150)
2026-05-18 11:04:20,835 INFO   HUBB  P&L $-12.96  (target +$40 | stop $-150)
2026-05-18 11:04:21,071 INFO   LULU  P&L $-7.09  (target +$40 | stop $-150)
2026-05-18 11:04:21,417 INFO   PPL  P&L $-6.25  (target +$40 | stop $-150)
2026-05-18 11:04:21,816 INFO   ZTS  P&L $-38.84  (target +$40 | stop $-150)
2026-05-18 11:05:21,940 INFO Daily P&L: $-284.79  (limit $-300 | target $200)
2026-05-18 11:05:22,249 INFO   CRL  P&L $-29.00  (target +$40 | stop $-150)
2026-05-18 11:05:22,559 INFO   CTSH  P&L $-7.20  (target +$40 | stop $-150)
2026-05-18 11:05:22,813 INFO   DHR  P&L $-10.08  (target +$40 | stop $-150)
2026-05-18 11:05:23,127 INFO   HUBB  P&L $-12.08  (target +$40 | stop $-150)
2026-05-18 11:05:23,337 INFO   LULU  P&L $-11.38  (target +$40 | stop $-150)
2026-05-18 11:05:23,645 INFO   PPL  P&L $-7.96  (target +$40 | stop $-150)
2026-05-18 11:05:24,003 INFO   ZTS  P&L $-43.00  (target +$40 | stop $-150)
2026-05-18 11:06:24,132 INFO Daily P&L: $-314.48  (limit $-300 | target $200)
2026-05-18 11:06:24,134 INFO DAILY LOSS LIMIT $-314.48 — closing everything.
2026-05-18 11:08:38,537 INFO ============================================================
2026-05-18 11:08:38,546 INFO Mean Reversion Bot started
2026-05-18 11:08:38,548 INFO Entry: RSI < 30 + price > 1.0% below 20-day SMA
2026-05-18 11:08:38,549 INFO Exit:  +$40 target | $-150 stop | RSI >= 50 recovery
2026-05-18 11:08:38,550 INFO ============================================================
2026-05-18 11:09:41,352 INFO Daily P&L: $-344.30  (limit $-300 | target $200)
2026-05-18 11:09:41,353 INFO DAILY LOSS LIMIT $-344.30 — closing everything.
2026-05-18 11:14:09,421 INFO ============================================================
2026-05-18 11:14:09,425 INFO Mean Reversion Bot started
2026-05-18 11:14:09,428 INFO Entry: RSI < 30 + price > 1.0% below 20-day SMA
2026-05-18 11:14:09,430 INFO Exit:  +$40 target | $-150 stop | RSI >= 50 recovery
2026-05-18 11:14:09,431 INFO ============================================================
2026-05-18 11:15:10,737 INFO Daily P&L: $-370.39  (limit $-300 | target $200)
2026-05-18 11:15:10,739 INFO DAILY LOSS LIMIT $-370.39 — closing everything.
2026-05-18 11:16:28,253 INFO ============================================================
2026-05-18 11:16:28,266 INFO Mean Reversion Bot started
2026-05-18 11:16:28,268 INFO Entry: RSI < 30 + price > 1.0% below 20-day SMA
2026-05-18 11:16:28,271 INFO Exit:  +$40 target | $-150 stop | RSI >= 50 recovery
2026-05-18 11:16:28,278 INFO ============================================================
2026-05-18 11:17:29,742 INFO Daily P&L: $-370.39  (limit $-300 | target $200)
2026-05-18 11:17:29,743 INFO DAILY LOSS LIMIT $-370.39 — closing everything.
2026-05-18 12:44:00,461 INFO ============================================================
2026-05-18 12:44:00,462 INFO Mean Reversion Bot started
2026-05-18 12:44:00,463 INFO Entry: RSI < 30 + price > 1.0% below 20-day SMA
2026-05-18 12:44:00,463 INFO Exit:  +$40 target | $-150 stop | RSI >= 50 recovery
2026-05-18 12:44:00,464 INFO ============================================================
2026-05-18 12:45:02,183 INFO Daily P&L: $-247.75  (limit $-300 | target $200)
2026-05-18 12:45:03,158 INFO RSI RECOVERED D RSI>=50, P&L=$-23.60 — closing.
2026-05-18 12:45:03,489 INFO RSI RECOVERED DXCM RSI>=50, P&L=$26.35 — closing.
2026-05-18 12:46:03,686 INFO Daily P&L: $-249.30  (limit $-300 | target $200)
2026-05-18 12:47:03,868 INFO Daily P&L: $-249.30  (limit $-300 | target $200)
2026-05-18 12:48:04,032 INFO Daily P&L: $-249.30  (limit $-300 | target $200)
2026-05-18 12:49:04,218 INFO Daily P&L: $-249.30  (limit $-300 | target $200)
2026-05-18 12:50:04,417 INFO Daily P&L: $-249.30  (limit $-300 | target $200)
2026-05-18 12:51:04,656 INFO Daily P&L: $-249.30  (limit $-300 | target $200)
2026-05-18 12:52:05,403 INFO Daily P&L: $-249.30  (limit $-300 | target $200)
2026-05-18 12:53:06,035 INFO Daily P&L: $-249.30  (limit $-300 | target $200)
2026-05-18 12:54:06,208 INFO Daily P&L: $-249.30  (limit $-300 | target $200)
2026-05-18 12:55:06,390 INFO Daily P&L: $-249.30  (limit $-300 | target $200)
2026-05-18 12:56:06,964 INFO Daily P&L: $-249.30  (limit $-300 | target $200)
2026-05-18 12:57:07,480 INFO Daily P&L: $-249.30  (limit $-300 | target $200)
2026-05-18 12:58:07,680 INFO Daily P&L: $-249.30  (limit $-300 | target $200)
2026-05-18 12:59:08,068 INFO Daily P&L: $-249.30  (limit $-300 | target $200)
2026-05-18 13:00:08,726 INFO Scanning for oversold mean-reversion setups...
2026-05-18 13:00:10,121 INFO Adding 1 watchlist ticker(s) to universe: ['XE']
2026-05-18 13:00:10,122 INFO Downloading 504 tickers for mean reversion scan...
2026-05-18 13:01:11,114 INFO Mean reversion scan complete — 63 oversold stocks found
2026-05-18 13:01:11,117 INFO   SIGNAL ZTS  $76.45  RSI=9.6  23.81% below SMA
2026-05-18 13:01:11,118 INFO   SIGNAL HUBB  $470.51  RSI=9.8  8.43% below SMA
2026-05-18 13:01:11,119 INFO   SIGNAL LULU  $118.96  RSI=14.1  11.95% below SMA
2026-05-18 13:01:11,119 INFO   SIGNAL PPL  $34.79  RSI=14.2  6.37% below SMA
2026-05-18 13:01:11,120 INFO   SIGNAL DHR  $163.57  RSI=15.4  6.16% below SMA
2026-05-18 13:01:11,318 INFO BUY 52x ZTS @ ~$76.45 | RSI=9.6 | 23.81% below SMA
2026-05-18 13:01:11,461 INFO BUY 8x HUBB @ ~$470.51 | RSI=9.8 | 8.43% below SMA
2026-05-18 13:01:11,654 INFO BUY 33x LULU @ ~$118.96 | RSI=14.1 | 11.95% below SMA
2026-05-18 13:01:11,794 INFO BUY 114x PPL @ ~$34.79 | RSI=14.2 | 6.37% below SMA
2026-05-18 13:01:12,007 INFO BUY 24x DHR @ ~$163.57 | RSI=15.4 | 6.16% below SMA
2026-05-18 13:01:12,144 INFO Daily P&L: $-257.29  (limit $-300 | target $200)
2026-05-18 13:01:12,711 INFO   HUBB  P&L $-4.12  (target +$40 | stop $-150)
2026-05-18 13:01:13,215 INFO   LULU  P&L $-2.31  (target +$40 | stop $-150)
2026-05-18 13:01:13,516 INFO   ZTS  P&L $-1.56  (target +$40 | stop $-150)
2026-05-18 13:02:13,631 INFO Daily P&L: $-239.83  (limit $-300 | target $200)
2026-05-18 13:02:13,976 INFO   DHR  P&L $+1.68  (target +$40 | stop $-150)
2026-05-18 13:02:14,232 INFO   HUBB  P&L $-0.96  (target +$40 | stop $-150)
2026-05-18 13:02:14,463 INFO   LULU  P&L $+3.63  (target +$40 | stop $-150)
2026-05-18 13:02:14,793 INFO   PPL  P&L $+1.14  (target +$40 | stop $-150)
2026-05-18 13:02:15,065 INFO   ZTS  P&L $+3.98  (target +$40 | stop $-150)
2026-05-18 13:03:15,190 INFO Daily P&L: $-227.48  (limit $-300 | target $200)
2026-05-18 13:03:15,546 INFO   DHR  P&L $+1.68  (target +$40 | stop $-150)
2026-05-18 13:03:15,806 INFO   HUBB  P&L $-0.48  (target +$40 | stop $-150)
2026-05-18 13:03:16,055 INFO   LULU  P&L $+6.11  (target +$40 | stop $-150)
2026-05-18 13:03:16,324 INFO   PPL  P&L $-0.57  (target +$40 | stop $-150)
2026-05-18 13:03:16,622 INFO   ZTS  P&L $+15.08  (target +$40 | stop $-150)
2026-05-18 13:04:16,729 INFO Daily P&L: $-211.51  (limit $-300 | target $200)
2026-05-18 13:04:17,051 INFO   DHR  P&L $+2.64  (target +$40 | stop $-150)
2026-05-18 13:04:17,326 INFO   HUBB  P&L $-0.08  (target +$40 | stop $-150)
2026-05-18 13:04:17,568 INFO   LULU  P&L $+9.07  (target +$40 | stop $-150)
2026-05-18 13:04:17,864 INFO   PPL  P&L $+1.71  (target +$40 | stop $-150)
2026-05-18 13:04:18,082 INFO   ZTS  P&L $+24.44  (target +$40 | stop $-150)
2026-05-18 13:05:18,207 INFO Daily P&L: $-203.59  (limit $-300 | target $200)
2026-05-18 13:05:18,534 INFO   DHR  P&L $+4.44  (target +$40 | stop $-150)
2026-05-18 13:05:18,824 INFO   HUBB  P&L $-4.12  (target +$40 | stop $-150)
2026-05-18 13:05:19,041 INFO   LULU  P&L $+12.69  (target +$40 | stop $-150)
2026-05-18 13:05:19,290 INFO   PPL  P&L $+2.28  (target +$40 | stop $-150)
2026-05-18 13:05:19,496 INFO   ZTS  P&L $+30.42  (target +$40 | stop $-150)
2026-05-18 13:06:19,611 INFO Daily P&L: $-207.28  (limit $-300 | target $200)
2026-05-18 13:06:19,922 INFO   DHR  P&L $+4.56  (target +$40 | stop $-150)
2026-05-18 13:06:20,219 INFO   HUBB  P&L $-0.28  (target +$40 | stop $-150)
2026-05-18 13:06:20,435 INFO   LULU  P&L $+13.20  (target +$40 | stop $-150)
2026-05-18 13:06:20,730 INFO   PPL  P&L $+1.14  (target +$40 | stop $-150)
2026-05-18 13:06:20,985 INFO   ZTS  P&L $+23.40  (target +$40 | stop $-150)
2026-05-18 13:07:21,086 INFO Daily P&L: $-196.70  (limit $-300 | target $200)
2026-05-18 13:07:21,423 INFO   DHR  P&L $+6.84  (target +$40 | stop $-150)
2026-05-18 13:07:21,687 INFO   HUBB  P&L $+2.96  (target +$40 | stop $-150)
2026-05-18 13:07:21,906 INFO   LULU  P&L $+15.51  (target +$40 | stop $-150)
2026-05-18 13:07:22,345 INFO   PPL  P&L $+2.85  (target +$40 | stop $-150)
2026-05-18 13:07:22,641 INFO   ZTS  P&L $+24.44  (target +$40 | stop $-150)
2026-05-18 13:08:22,748 INFO Daily P&L: $-199.92  (limit $-300 | target $200)
2026-05-18 13:08:23,064 INFO   DHR  P&L $+6.72  (target +$40 | stop $-150)
2026-05-18 13:08:23,395 INFO   HUBB  P&L $+2.96  (target +$40 | stop $-150)
2026-05-18 13:08:23,645 INFO   LULU  P&L $+15.84  (target +$40 | stop $-150)
2026-05-18 13:08:23,913 INFO   PPL  P&L $+2.28  (target +$40 | stop $-150)
2026-05-18 13:08:24,139 INFO   ZTS  P&L $+21.58  (target +$40 | stop $-150)
2026-05-18 13:09:24,244 INFO Daily P&L: $-194.98  (limit $-300 | target $200)
2026-05-18 13:09:24,582 INFO   DHR  P&L $+7.92  (target +$40 | stop $-150)
2026-05-18 13:09:24,847 INFO   HUBB  P&L $+3.04  (target +$40 | stop $-150)
2026-05-18 13:09:25,043 INFO   LULU  P&L $+18.98  (target +$40 | stop $-150)
2026-05-18 13:09:25,384 INFO   PPL  P&L $+2.28  (target +$40 | stop $-150)
2026-05-18 13:09:25,659 INFO   ZTS  P&L $+22.10  (target +$40 | stop $-150)
2026-05-18 13:10:25,763 INFO Daily P&L: $-195.12  (limit $-300 | target $200)
2026-05-18 13:10:26,107 INFO   DHR  P&L $+9.72  (target +$40 | stop $-150)
2026-05-18 13:10:26,423 INFO   HUBB  P&L $+3.84  (target +$40 | stop $-150)
2026-05-18 13:10:26,727 INFO   LULU  P&L $+16.50  (target +$40 | stop $-150)
2026-05-18 13:10:27,071 INFO   PPL  P&L $+2.28  (target +$40 | stop $-150)
2026-05-18 13:10:27,393 INFO   ZTS  P&L $+21.84  (target +$40 | stop $-150)
2026-05-18 13:11:25,777 INFO ============================================================
2026-05-18 13:11:25,778 INFO Mean Reversion Bot started
2026-05-18 13:11:25,779 INFO Entry: RSI < 30 + price > 1.0% below 20-day SMA
2026-05-18 13:11:25,780 INFO Exit:  +$40 target | $-150 stop | RSI >= 50 recovery
2026-05-18 13:11:25,780 INFO ============================================================
2026-05-18 13:12:27,005 INFO Daily P&L: $-201.17  (limit $-300 | target $200)
2026-05-18 13:12:27,886 INFO   DHR  P&L $+7.92  (target +$40 | stop $-150)
2026-05-18 13:12:28,148 INFO   HUBB  P&L $+5.04  (target +$40 | stop $-150)
2026-05-18 13:12:28,386 INFO   LULU  P&L $+16.34  (target +$40 | stop $-150)
2026-05-18 13:12:28,620 INFO   PPL  P&L $-1.71  (target +$40 | stop $-150)
2026-05-18 13:12:28,849 INFO   ZTS  P&L $+20.54  (target +$40 | stop $-150)
2026-05-18 13:13:28,987 INFO Daily P&L: $-195.79  (limit $-300 | target $200)
2026-05-18 13:13:29,283 INFO   DHR  P&L $+7.80  (target +$40 | stop $-150)
2026-05-18 13:13:29,565 INFO   HUBB  P&L $+7.40  (target +$40 | stop $-150)
2026-05-18 13:13:29,807 INFO   LULU  P&L $+19.14  (target +$40 | stop $-150)
2026-05-18 13:13:30,110 INFO   PPL  P&L $-0.57  (target +$40 | stop $-150)
2026-05-18 13:13:30,369 INFO   ZTS  P&L $+19.24  (target +$40 | stop $-150)
2026-05-18 13:14:30,627 INFO Daily P&L: $-201.85  (limit $-300 | target $200)
2026-05-18 13:14:31,000 INFO   DHR  P&L $+7.68  (target +$40 | stop $-150)
2026-05-18 13:14:31,267 INFO   HUBB  P&L $+8.32  (target +$40 | stop $-150)
2026-05-18 13:14:31,462 INFO   LULU  P&L $+15.68  (target +$40 | stop $-150)
2026-05-18 13:14:31,951 INFO   PPL  P&L $-3.99  (target +$40 | stop $-150)
2026-05-18 13:14:32,156 INFO   ZTS  P&L $+19.76  (target +$40 | stop $-150)
2026-05-18 13:15:32,277 INFO Daily P&L: $-202.75  (limit $-300 | target $200)
2026-05-18 13:15:32,609 INFO   DHR  P&L $+7.80  (target +$40 | stop $-150)
2026-05-18 13:15:32,862 INFO   HUBB  P&L $+5.60  (target +$40 | stop $-150)
2026-05-18 13:15:33,092 INFO   LULU  P&L $+18.32  (target +$40 | stop $-150)
2026-05-18 13:15:33,378 INFO   PPL  P&L $-2.85  (target +$40 | stop $-150)
2026-05-18 13:15:33,652 INFO   ZTS  P&L $+17.68  (target +$40 | stop $-150)
2026-05-18 13:16:33,776 INFO Daily P&L: $-189.23  (limit $-300 | target $200)
2026-05-18 13:16:34,127 INFO   DHR  P&L $+10.32  (target +$40 | stop $-150)
2026-05-18 13:16:34,426 INFO   HUBB  P&L $+5.36  (target +$40 | stop $-150)
2026-05-18 13:16:34,646 INFO   LULU  P&L $+21.78  (target +$40 | stop $-150)
2026-05-18 13:16:34,962 INFO   PPL  P&L $+2.85  (target +$40 | stop $-150)
2026-05-18 13:16:35,194 INFO   ZTS  P&L $+19.76  (target +$40 | stop $-150)
2026-05-18 13:17:35,317 INFO Daily P&L: $-176.19  (limit $-300 | target $200)
2026-05-18 13:17:35,659 INFO   DHR  P&L $+12.90  (target +$40 | stop $-150)
2026-05-18 13:17:35,954 INFO   HUBB  P&L $+9.92  (target +$40 | stop $-150)
2026-05-18 13:17:36,172 INFO   LULU  P&L $+24.09  (target +$40 | stop $-150)
2026-05-18 13:17:36,420 INFO   PPL  P&L $+1.71  (target +$40 | stop $-150)
2026-05-18 13:17:36,748 INFO   ZTS  P&L $+23.92  (target +$40 | stop $-150)
2026-05-18 13:18:36,863 INFO Daily P&L: $-163.69  (limit $-300 | target $200)
2026-05-18 13:18:37,177 INFO   DHR  P&L $+15.84  (target +$40 | stop $-150)
2026-05-18 13:18:37,491 INFO   HUBB  P&L $+11.76  (target +$40 | stop $-150)
2026-05-18 13:18:37,698 INFO   LULU  P&L $+26.73  (target +$40 | stop $-150)
2026-05-18 13:18:38,033 INFO   PPL  P&L $+6.84  (target +$40 | stop $-150)
2026-05-18 13:18:38,299 INFO   ZTS  P&L $+24.44  (target +$40 | stop $-150)
2026-05-18 13:19:38,413 INFO Daily P&L: $-161.08  (limit $-300 | target $200)
2026-05-18 13:19:38,747 INFO   DHR  P&L $+14.40  (target +$40 | stop $-150)
2026-05-18 13:19:39,048 INFO   HUBB  P&L $+13.04  (target +$40 | stop $-150)
2026-05-18 13:19:39,267 INFO   LULU  P&L $+25.41  (target +$40 | stop $-150)
2026-05-18 13:19:39,556 INFO   PPL  P&L $+11.97  (target +$40 | stop $-150)
2026-05-18 13:19:39,827 INFO   ZTS  P&L $+23.40  (target +$40 | stop $-150)
2026-05-18 13:20:40,349 INFO Daily P&L: $-167.02  (limit $-300 | target $200)
2026-05-18 13:20:41,412 INFO   DHR  P&L $+10.57  (target +$40 | stop $-150)
2026-05-18 13:20:41,920 INFO   HUBB  P&L $+16.72  (target +$40 | stop $-150)
2026-05-18 13:20:42,422 INFO   LULU  P&L $+24.75  (target +$40 | stop $-150)
2026-05-18 13:20:42,828 INFO   PPL  P&L $+6.84  (target +$40 | stop $-150)
2026-05-18 13:20:43,528 INFO   ZTS  P&L $+23.40  (target +$40 | stop $-150)
2026-05-18 13:21:43,653 INFO Daily P&L: $-160.25  (limit $-300 | target $200)
2026-05-18 13:21:44,050 INFO   DHR  P&L $+9.96  (target +$40 | stop $-150)
2026-05-18 13:21:44,363 INFO   HUBB  P&L $+15.68  (target +$40 | stop $-150)
2026-05-18 13:21:44,609 INFO   LULU  P&L $+26.73  (target +$40 | stop $-150)
2026-05-18 13:21:44,970 INFO   PPL  P&L $+9.12  (target +$40 | stop $-150)
2026-05-18 13:21:45,215 INFO   ZTS  P&L $+27.56  (target +$40 | stop $-150)
2026-05-18 13:22:45,609 INFO Daily P&L: $-159.18  (limit $-300 | target $200)
2026-05-18 13:22:45,928 INFO   DHR  P&L $+12.00  (target +$40 | stop $-150)
2026-05-18 13:22:46,208 INFO   HUBB  P&L $+16.72  (target +$40 | stop $-150)
2026-05-18 13:22:46,439 INFO   LULU  P&L $+26.89  (target +$40 | stop $-150)
2026-05-18 13:22:46,673 INFO   PPL  P&L $+7.98  (target +$40 | stop $-150)
2026-05-18 13:22:46,935 INFO   ZTS  P&L $+26.53  (target +$40 | stop $-150)
2026-05-18 13:23:47,503 INFO Daily P&L: $-151.10  (limit $-300 | target $200)
2026-05-18 13:23:48,193 INFO   DHR  P&L $+12.84  (target +$40 | stop $-150)
2026-05-18 13:23:48,470 INFO   HUBB  P&L $+14.32  (target +$40 | stop $-150)
2026-05-18 13:23:48,683 INFO   LULU  P&L $+28.38  (target +$40 | stop $-150)
2026-05-18 13:23:48,948 INFO   PPL  P&L $+9.12  (target +$40 | stop $-150)
2026-05-18 13:23:49,186 INFO   ZTS  P&L $+33.54  (target +$40 | stop $-150)
2026-05-18 13:24:49,294 INFO Daily P&L: $-141.41  (limit $-300 | target $200)
2026-05-18 13:24:49,642 INFO   DHR  P&L $+15.72  (target +$40 | stop $-150)
2026-05-18 13:24:49,944 INFO   HUBB  P&L $+12.56  (target +$40 | stop $-150)
2026-05-18 13:24:50,161 INFO   LULU  P&L $+29.20  (target +$40 | stop $-150)
2026-05-18 13:24:50,475 INFO   PPL  P&L $+11.40  (target +$40 | stop $-150)
2026-05-18 13:25:50,592 INFO Daily P&L: $-135.70  (limit $-300 | target $200)
2026-05-18 13:25:50,936 INFO   DHR  P&L $+17.64  (target +$40 | stop $-150)
2026-05-18 13:25:51,184 INFO   HUBB  P&L $+15.68  (target +$40 | stop $-150)
2026-05-18 13:25:51,396 INFO   LULU  P&L $+31.02  (target +$40 | stop $-150)
2026-05-18 13:25:51,726 INFO   PPL  P&L $+10.26  (target +$40 | stop $-150)
2026-05-18 13:26:51,846 INFO Daily P&L: $-132.25  (limit $-300 | target $200)
2026-05-18 13:26:52,169 INFO   DHR  P&L $+21.48  (target +$40 | stop $-150)
2026-05-18 13:26:52,450 INFO   HUBB  P&L $+12.56  (target +$40 | stop $-150)
2026-05-18 13:26:52,693 INFO   LULU  P&L $+34.32  (target +$40 | stop $-150)
2026-05-18 13:26:53,140 INFO   PPL  P&L $+9.69  (target +$40 | stop $-150)
2026-05-18 13:27:53,248 INFO Daily P&L: $-132.04  (limit $-300 | target $200)
2026-05-18 13:27:53,646 INFO   DHR  P&L $+20.64  (target +$40 | stop $-150)
2026-05-18 13:27:53,987 INFO   HUBB  P&L $+15.92  (target +$40 | stop $-150)
2026-05-18 13:27:54,279 INFO   LULU  P&L $+32.01  (target +$40 | stop $-150)
2026-05-18 13:27:54,611 INFO   PPL  P&L $+9.69  (target +$40 | stop $-150)
2026-05-18 13:28:49,702 INFO ============================================================
2026-05-18 13:28:49,703 INFO Mean Reversion Bot started
2026-05-18 13:28:49,704 INFO Entry: RSI < 30 + price > 1.0% below 20-day SMA
2026-05-18 13:28:49,705 INFO Exit:  +$40 target | $-150 stop | RSI >= 50 recovery
2026-05-18 13:28:49,705 INFO ============================================================
2026-05-18 13:29:50,996 INFO Daily P&L: $+228.64  (limit $-300 | target $200)
2026-05-18 13:29:51,847 INFO   DHR  P&L $+17.76  (target +$40 | stop $-150)
2026-05-18 13:29:52,175 INFO   HUBB  P&L $+12.36  (target +$40 | stop $-150)
2026-05-18 13:29:52,498 INFO   LULU  P&L $+31.02  (target +$40 | stop $-150)
2026-05-18 13:29:52,963 INFO   PPL  P&L $+7.41  (target +$40 | stop $-150)
2026-05-18 13:30:53,192 INFO Daily P&L: $+233.89  (limit $-300 | target $200)
2026-05-18 13:30:53,525 INFO   DHR  P&L $+18.24  (target +$40 | stop $-150)
2026-05-18 13:30:53,761 INFO   HUBB  P&L $+16.32  (target +$40 | stop $-150)
2026-05-18 13:30:53,965 INFO   LULU  P&L $+30.69  (target +$40 | stop $-150)
2026-05-18 13:30:54,284 INFO   PPL  P&L $+8.55  (target +$40 | stop $-150)
2026-05-18 13:31:54,399 INFO Daily P&L: $+231.63  (limit $-300 | target $200)
2026-05-18 13:31:54,778 INFO   DHR  P&L $+18.12  (target +$40 | stop $-150)
2026-05-18 13:31:55,122 INFO   HUBB  P&L $+19.76  (target +$40 | stop $-150)
2026-05-18 13:31:55,394 INFO   LULU  P&L $+28.05  (target +$40 | stop $-150)
2026-05-18 13:31:55,860 INFO   PPL  P&L $+6.27  (target +$40 | stop $-150)
2026-05-18 13:33:01,951 INFO ============================================================
2026-05-18 13:33:01,953 INFO Mean Reversion Bot started
2026-05-18 13:33:01,953 INFO Entry: RSI < 30 + price > 1.0% below 20-day SMA
2026-05-18 13:33:01,954 INFO Exit:  +$40 target | $-150 stop | RSI >= 50 recovery
2026-05-18 13:33:01,954 INFO ============================================================
2026-05-18 13:34:03,198 INFO Daily P&L: $+224.05  (limit $-300 | target $200)
2026-05-18 13:34:04,165 INFO   DHR  P&L $+16.08  (target +$40 | stop $-150)
2026-05-18 13:34:04,559 INFO   HUBB  P&L $+10.08  (target +$40 | stop $-150)
2026-05-18 13:34:04,793 INFO   LULU  P&L $+32.67  (target +$40 | stop $-150)
2026-05-18 13:34:05,104 INFO   PPL  P&L $+5.13  (target +$40 | stop $-150)
2026-05-18 13:35:05,224 INFO Daily P&L: $+216.46  (limit $-300 | target $200)
2026-05-18 13:35:05,555 INFO   DHR  P&L $+16.56  (target +$40 | stop $-150)
2026-05-18 13:35:05,820 INFO   HUBB  P&L $+10.08  (target +$40 | stop $-150)
2026-05-18 13:35:06,097 INFO   LULU  P&L $+25.74  (target +$40 | stop $-150)
2026-05-18 13:35:06,483 INFO   PPL  P&L $+3.99  (target +$40 | stop $-150)
2026-05-18 13:36:06,597 INFO Daily P&L: $+217.18  (limit $-300 | target $200)
2026-05-18 13:36:06,969 INFO   DHR  P&L $+18.00  (target +$40 | stop $-150)
2026-05-18 13:36:07,270 INFO   HUBB  P&L $+10.08  (target +$40 | stop $-150)
2026-05-18 13:36:07,506 INFO   LULU  P&L $+26.07  (target +$40 | stop $-150)
2026-05-18 13:36:07,822 INFO   PPL  P&L $+3.42  (target +$40 | stop $-150)
2026-05-18 13:37:07,946 INFO Daily P&L: $+213.93  (limit $-300 | target $200)
2026-05-18 13:37:08,310 INFO   DHR  P&L $+18.24  (target +$40 | stop $-150)
2026-05-18 13:37:08,609 INFO   HUBB  P&L $+4.00  (target +$40 | stop $-150)
2026-05-18 13:37:08,840 INFO   LULU  P&L $+27.61  (target +$40 | stop $-150)
2026-05-18 13:37:09,206 INFO   PPL  P&L $+3.42  (target +$40 | stop $-150)
2026-05-18 13:38:09,348 INFO Daily P&L: $+206.44  (limit $-300 | target $200)
2026-05-18 13:38:09,824 INFO   DHR  P&L $+16.56  (target +$40 | stop $-150)
2026-05-18 13:38:10,141 INFO   HUBB  P&L $+3.24  (target +$40 | stop $-150)
2026-05-18 13:38:10,428 INFO   LULU  P&L $+25.41  (target +$40 | stop $-150)
2026-05-18 13:38:10,719 INFO   PPL  P&L $+1.14  (target +$40 | stop $-150)
2026-05-18 13:39:10,840 INFO Daily P&L: $+204.09  (limit $-300 | target $200)
2026-05-18 13:39:11,191 INFO   DHR  P&L $+13.92  (target +$40 | stop $-150)
2026-05-18 13:39:11,482 INFO   HUBB  P&L $+6.41  (target +$40 | stop $-150)
2026-05-18 13:39:11,814 INFO   LULU  P&L $+21.99  (target +$40 | stop $-150)
2026-05-18 13:39:12,091 INFO   PPL  P&L $+0.57  (target +$40 | stop $-150)
2026-05-18 13:40:12,221 INFO Daily P&L: $+207.43  (limit $-300 | target $200)
2026-05-18 13:40:12,588 INFO   DHR  P&L $+15.84  (target +$40 | stop $-150)
2026-05-18 13:40:12,911 INFO   HUBB  P&L $+3.66  (target +$40 | stop $-150)
2026-05-18 13:40:13,156 INFO   LULU  P&L $+24.42  (target +$40 | stop $-150)
2026-05-18 13:40:13,428 INFO   PPL  P&L $+3.42  (target +$40 | stop $-150)
2026-05-18 13:41:13,549 INFO Daily P&L: $+202.53  (limit $-300 | target $200)
2026-05-18 13:41:13,887 INFO   DHR  P&L $+15.12  (target +$40 | stop $-150)
2026-05-18 13:41:14,196 INFO   HUBB  P&L $+0.62  (target +$40 | stop $-150)
2026-05-18 13:41:14,438 INFO   LULU  P&L $+24.42  (target +$40 | stop $-150)
2026-05-18 13:41:14,779 INFO   PPL  P&L $+2.28  (target +$40 | stop $-150)
2026-05-18 13:42:14,889 INFO Daily P&L: $+202.90  (limit $-300 | target $200)
2026-05-18 13:42:15,244 INFO   DHR  P&L $+15.60  (target +$40 | stop $-150)
2026-05-18 13:42:15,573 INFO   HUBB  P&L $+0.84  (target +$40 | stop $-150)
2026-05-18 13:42:15,834 INFO   LULU  P&L $+24.09  (target +$40 | stop $-150)
2026-05-18 13:42:16,155 INFO   PPL  P&L $+2.28  (target +$40 | stop $-150)
2026-05-18 13:43:16,330 INFO Daily P&L: $+202.42  (limit $-300 | target $200)
2026-05-18 13:43:16,724 INFO   DHR  P&L $+16.08  (target +$40 | stop $-150)
2026-05-18 13:43:17,123 INFO   HUBB  P&L $+1.44  (target +$40 | stop $-150)
2026-05-18 13:43:17,366 INFO   LULU  P&L $+23.10  (target +$40 | stop $-150)
2026-05-18 13:43:17,663 INFO   PPL  P&L $+1.71  (target +$40 | stop $-150)
2026-05-18 13:44:17,800 INFO Daily P&L: $+194.62  (limit $-300 | target $200)
2026-05-18 13:44:18,196 INFO   DHR  P&L $+13.08  (target +$40 | stop $-150)
2026-05-18 13:44:18,521 INFO   HUBB  P&L $-0.24  (target +$40 | stop $-150)
2026-05-18 13:44:18,779 INFO   LULU  P&L $+21.12  (target +$40 | stop $-150)
2026-05-18 13:44:19,061 INFO   PPL  P&L $+0.57  (target +$40 | stop $-150)
2026-05-18 13:45:20,043 INFO Daily P&L: $+193.67  (limit $-300 | target $200)
2026-05-18 13:45:20,551 INFO   DHR  P&L $+11.76  (target +$40 | stop $-150)
2026-05-18 13:45:21,077 INFO   HUBB  P&L $+0.80  (target +$40 | stop $-150)
2026-05-18 13:45:22,005 INFO   LULU  P&L $+19.30  (target +$40 | stop $-150)
2026-05-18 13:45:22,504 INFO   PPL  P&L $+1.71  (target +$40 | stop $-150)
2026-05-18 13:46:22,647 INFO Daily P&L: $+202.80  (limit $-300 | target $200)
2026-05-18 13:46:23,111 INFO   DHR  P&L $+14.16  (target +$40 | stop $-150)
2026-05-18 13:46:23,491 INFO   HUBB  P&L $+3.00  (target +$40 | stop $-150)
2026-05-18 13:46:23,774 INFO   LULU  P&L $+23.27  (target +$40 | stop $-150)
2026-05-18 13:46:24,129 INFO   PPL  P&L $+2.28  (target +$40 | stop $-150)
2026-05-18 13:47:24,263 INFO Daily P&L: $+195.75  (limit $-300 | target $200)
2026-05-18 13:47:24,655 INFO   DHR  P&L $+11.64  (target +$40 | stop $-150)
2026-05-18 13:47:25,012 INFO   HUBB  P&L $-0.94  (target +$40 | stop $-150)
2026-05-18 13:47:25,337 INFO   LULU  P&L $+22.11  (target +$40 | stop $-150)
2026-05-18 13:47:25,664 INFO   PPL  P&L $+2.85  (target +$40 | stop $-150)
2026-05-18 13:48:25,792 INFO Daily P&L: $+209.81  (limit $-300 | target $200)
2026-05-18 13:48:26,195 INFO   DHR  P&L $+13.43  (target +$40 | stop $-150)
2026-05-18 13:48:26,464 INFO   HUBB  P&L $+3.28  (target +$40 | stop $-150)
2026-05-18 13:48:26,730 INFO   LULU  P&L $+27.89  (target +$40 | stop $-150)
2026-05-18 13:48:27,017 INFO   PPL  P&L $+5.13  (target +$40 | stop $-150)
2026-05-18 13:49:27,128 INFO Daily P&L: $+213.77  (limit $-300 | target $200)
2026-05-18 13:49:27,477 INFO   DHR  P&L $+15.36  (target +$40 | stop $-150)
2026-05-18 13:49:27,745 INFO   HUBB  P&L $+3.28  (target +$40 | stop $-150)
2026-05-18 13:49:27,996 INFO   LULU  P&L $+33.33  (target +$40 | stop $-150)
2026-05-18 13:49:28,323 INFO   PPL  P&L $+1.71  (target +$40 | stop $-150)
2026-05-18 13:50:28,517 INFO Daily P&L: $+211.65  (limit $-300 | target $200)
2026-05-18 13:50:28,822 INFO   DHR  P&L $+15.60  (target +$40 | stop $-150)
2026-05-18 13:50:29,140 INFO   HUBB  P&L $+0.84  (target +$40 | stop $-150)
2026-05-18 13:50:29,400 INFO   LULU  P&L $+32.84  (target +$40 | stop $-150)
2026-05-18 13:50:29,706 INFO   PPL  P&L $+2.28  (target +$40 | stop $-150)
2026-05-18 13:51:29,832 INFO Daily P&L: $+215.39  (limit $-300 | target $200)
2026-05-18 13:51:30,210 INFO   DHR  P&L $+15.72  (target +$40 | stop $-150)
2026-05-18 13:51:30,451 INFO   HUBB  P&L $+3.28  (target +$40 | stop $-150)
2026-05-18 13:51:30,737 INFO   LULU  P&L $+36.30  (target +$40 | stop $-150)
2026-05-18 13:51:31,026 INFO   PPL  P&L $+0.00  (target +$40 | stop $-150)
2026-05-18 13:52:31,141 INFO Daily P&L: $+215.56  (limit $-300 | target $200)
2026-05-18 13:52:31,425 INFO   DHR  P&L $+15.36  (target +$40 | stop $-150)
2026-05-18 13:52:31,674 INFO   HUBB  P&L $+6.00  (target +$40 | stop $-150)
2026-05-18 13:52:31,954 INFO   LULU  P&L $+36.96  (target +$40 | stop $-150)
2026-05-18 13:52:32,203 INFO   PPL  P&L $-2.85  (target +$40 | stop $-150)
2026-05-18 13:53:32,326 INFO Daily P&L: $+207.94  (limit $-300 | target $200)
2026-05-18 13:53:32,657 INFO   DHR  P&L $+11.28  (target +$40 | stop $-150)
2026-05-18 13:53:32,954 INFO   HUBB  P&L $+6.00  (target +$40 | stop $-150)
2026-05-18 13:53:33,188 INFO   LULU  P&L $+33.99  (target +$40 | stop $-150)
2026-05-18 13:53:33,481 INFO   PPL  P&L $-3.42  (target +$40 | stop $-150)
2026-05-18 13:54:33,601 INFO Daily P&L: $+215.27  (limit $-300 | target $200)
2026-05-18 13:54:33,960 INFO   DHR  P&L $+12.24  (target +$40 | stop $-150)
2026-05-18 13:54:34,563 INFO   HUBB  P&L $+2.86  (target +$40 | stop $-150)
2026-05-18 13:54:34,804 INFO   LULU  P&L $+38.94  (target +$40 | stop $-150)
2026-05-18 13:54:35,109 INFO   PPL  P&L $+1.14  (target +$40 | stop $-150)
2026-05-18 13:55:35,234 INFO Daily P&L: $+214.95  (limit $-300 | target $200)
2026-05-18 13:55:35,542 INFO   DHR  P&L $+11.16  (target +$40 | stop $-150)
2026-05-18 13:55:35,845 INFO   HUBB  P&L $+2.40  (target +$40 | stop $-150)
2026-05-18 13:55:36,168 INFO   LULU  P&L $+38.45  (target +$40 | stop $-150)
2026-05-18 13:55:36,518 INFO   PPL  P&L $+2.85  (target +$40 | stop $-150)
2026-05-18 13:56:36,657 INFO Daily P&L: $+209.66  (limit $-300 | target $200)
2026-05-18 13:56:37,067 INFO   DHR  P&L $+10.32  (target +$40 | stop $-150)
2026-05-18 13:56:37,332 INFO   HUBB  P&L $+3.04  (target +$40 | stop $-150)
2026-05-18 13:56:37,594 INFO   LULU  P&L $+35.64  (target +$40 | stop $-150)
2026-05-18 13:56:37,926 INFO   PPL  P&L $+0.57  (target +$40 | stop $-150)
2026-05-18 13:57:38,039 INFO Daily P&L: $+213.49  (limit $-300 | target $200)
2026-05-18 13:57:38,401 INFO   DHR  P&L $+10.80  (target +$40 | stop $-150)
2026-05-18 13:57:38,766 INFO   HUBB  P&L $+3.36  (target +$40 | stop $-150)
2026-05-18 13:57:39,058 INFO   LULU  P&L $+36.96  (target +$40 | stop $-150)
2026-05-18 13:57:39,381 INFO   PPL  P&L $+2.28  (target +$40 | stop $-150)
2026-05-18 13:58:39,488 INFO Daily P&L: $+208.46  (limit $-300 | target $200)
2026-05-18 13:58:39,835 INFO   DHR  P&L $+6.48  (target +$40 | stop $-150)
2026-05-18 13:58:40,215 INFO   HUBB  P&L $+5.20  (target +$40 | stop $-150)
2026-05-18 13:58:40,422 INFO   LULU  P&L $+34.98  (target +$40 | stop $-150)
2026-05-18 13:58:40,688 INFO   PPL  P&L $+1.71  (target +$40 | stop $-150)
2026-05-18 13:59:40,801 INFO Daily P&L: $+212.13  (limit $-300 | target $200)
2026-05-18 13:59:41,167 INFO   DHR  P&L $+6.96  (target +$40 | stop $-150)
2026-05-18 13:59:41,452 INFO   HUBB  P&L $+6.08  (target +$40 | stop $-150)
2026-05-18 13:59:41,776 INFO   LULU  P&L $+37.29  (target +$40 | stop $-150)
2026-05-18 13:59:42,100 INFO   PPL  P&L $+1.71  (target +$40 | stop $-150)
2026-05-18 14:00:42,230 INFO Daily P&L: $+212.04  (limit $-300 | target $200)
2026-05-18 14:00:42,589 INFO   DHR  P&L $+7.92  (target +$40 | stop $-150)
2026-05-18 14:00:42,886 INFO   HUBB  P&L $+5.84  (target +$40 | stop $-150)
2026-05-18 14:00:43,207 INFO   LULU  P&L $+37.62  (target +$40 | stop $-150)
2026-05-18 14:00:43,516 INFO   PPL  P&L $+0.57  (target +$40 | stop $-150)
2026-05-18 14:01:43,635 INFO Daily P&L: $+205.89  (limit $-300 | target $200)
2026-05-18 14:01:44,007 INFO   DHR  P&L $+4.56  (target +$40 | stop $-150)
2026-05-18 14:01:44,406 INFO   HUBB  P&L $+4.88  (target +$40 | stop $-150)
2026-05-18 14:01:44,615 INFO   LULU  P&L $+34.65  (target +$40 | stop $-150)
2026-05-18 14:01:44,962 INFO   PPL  P&L $+1.71  (target +$40 | stop $-150)
2026-05-18 14:02:45,123 INFO Daily P&L: $+207.52  (limit $-300 | target $200)
2026-05-18 14:02:45,567 INFO   DHR  P&L $+5.64  (target +$40 | stop $-150)
2026-05-18 14:02:45,943 INFO   HUBB  P&L $+1.08  (target +$40 | stop $-150)
2026-05-18 14:02:46,174 INFO   LULU  P&L $+37.29  (target +$40 | stop $-150)
2026-05-18 14:02:46,544 INFO   PPL  P&L $+3.42  (target +$40 | stop $-150)
2026-05-18 14:03:46,664 INFO Daily P&L: $+204.35  (limit $-300 | target $200)
2026-05-18 14:03:47,029 INFO   DHR  P&L $+7.44  (target +$40 | stop $-150)
2026-05-18 14:03:47,327 INFO   HUBB  P&L $-0.56  (target +$40 | stop $-150)
2026-05-18 14:03:47,633 INFO   LULU  P&L $+37.95  (target +$40 | stop $-150)
2026-05-18 14:03:48,079 INFO   PPL  P&L $-0.57  (target +$40 | stop $-150)
2026-05-18 14:04:48,202 INFO Daily P&L: $+203.25  (limit $-300 | target $200)
2026-05-18 14:04:48,522 INFO   DHR  P&L $+4.08  (target +$40 | stop $-150)
2026-05-18 14:04:48,806 INFO   HUBB  P&L $+1.04  (target +$40 | stop $-150)
2026-05-18 14:04:49,045 INFO   LULU  P&L $+38.61  (target +$40 | stop $-150)
2026-05-18 14:04:49,443 INFO   PPL  P&L $-0.57  (target +$40 | stop $-150)
2026-05-18 14:05:49,755 INFO Daily P&L: $+201.81  (limit $-300 | target $200)
2026-05-18 14:05:50,067 INFO   DHR  P&L $+3.72  (target +$40 | stop $-150)
2026-05-18 14:05:50,489 INFO   HUBB  P&L $+1.28  (target +$40 | stop $-150)
2026-05-18 14:05:50,740 INFO   LULU  P&L $+37.29  (target +$40 | stop $-150)
2026-05-18 14:05:51,117 INFO   PPL  P&L $-0.57  (target +$40 | stop $-150)
2026-05-18 14:06:51,243 INFO Daily P&L: $+193.95  (limit $-300 | target $200)
2026-05-18 14:06:51,680 INFO   DHR  P&L $+0.96  (target +$40 | stop $-150)
2026-05-18 14:06:51,982 INFO   HUBB  P&L $+1.28  (target +$40 | stop $-150)
2026-05-18 14:06:52,227 INFO   LULU  P&L $+33.33  (target +$40 | stop $-150)
2026-05-18 14:06:52,484 INFO   PPL  P&L $-1.71  (target +$40 | stop $-150)
2026-05-18 14:07:52,599 INFO Daily P&L: $+202.37  (limit $-300 | target $200)
2026-05-18 14:07:52,994 INFO   DHR  P&L $+2.28  (target +$40 | stop $-150)
2026-05-18 14:07:53,311 INFO   HUBB  P&L $+2.72  (target +$40 | stop $-150)
2026-05-18 14:07:53,628 INFO   LULU  P&L $+36.13  (target +$40 | stop $-150)
2026-05-18 14:07:53,942 INFO   PPL  P&L $+1.14  (target +$40 | stop $-150)
2026-05-18 14:08:54,061 INFO Daily P&L: $+204.93  (limit $-300 | target $200)
2026-05-18 14:08:54,402 INFO   DHR  P&L $+1.20  (target +$40 | stop $-150)
2026-05-18 14:08:54,719 INFO   HUBB  P&L $+2.72  (target +$40 | stop $-150)
2026-05-18 14:08:54,988 INFO TARGET HIT LULU +$40.92 — closing.
2026-05-18 14:08:55,323 INFO   PPL  P&L $+0.00  (target +$40 | stop $-150)
2026-05-18 14:09:55,551 INFO Daily P&L: $+201.55  (limit $-300 | target $200)
2026-05-18 14:09:55,842 INFO   DHR  P&L $+2.64  (target +$40 | stop $-150)
2026-05-18 14:09:56,098 INFO   HUBB  P&L $+2.52  (target +$40 | stop $-150)
2026-05-18 14:09:56,408 INFO   PPL  P&L $+0.00  (target +$40 | stop $-150)
2026-05-18 14:10:56,538 INFO Daily P&L: $+201.26  (limit $-300 | target $200)
2026-05-18 14:10:56,929 INFO   DHR  P&L $+2.88  (target +$40 | stop $-150)
2026-05-18 14:10:57,237 INFO   HUBB  P&L $+2.56  (target +$40 | stop $-150)
2026-05-18 14:10:57,539 INFO   PPL  P&L $-0.57  (target +$40 | stop $-150)
2026-05-18 14:11:57,671 INFO Daily P&L: $+204.55  (limit $-300 | target $200)
2026-05-18 14:11:58,033 INFO   DHR  P&L $+2.88  (target +$40 | stop $-150)
2026-05-18 14:11:58,377 INFO   HUBB  P&L $+5.28  (target +$40 | stop $-150)
2026-05-18 14:11:58,616 INFO   PPL  P&L $+0.00  (target +$40 | stop $-150)
2026-05-18 14:12:58,737 INFO Daily P&L: $+205.53  (limit $-300 | target $200)
2026-05-18 14:12:59,088 INFO   DHR  P&L $+4.56  (target +$40 | stop $-150)
2026-05-18 14:12:59,393 INFO   HUBB  P&L $+3.44  (target +$40 | stop $-150)
2026-05-18 14:12:59,698 INFO   PPL  P&L $+1.14  (target +$40 | stop $-150)
2026-05-18 14:13:59,817 INFO Daily P&L: $+202.55  (limit $-300 | target $200)
2026-05-18 14:14:00,162 INFO   DHR  P&L $+4.44  (target +$40 | stop $-150)
2026-05-18 14:14:00,468 INFO   HUBB  P&L $+1.72  (target +$40 | stop $-150)
2026-05-18 14:14:00,759 INFO   PPL  P&L $+0.00  (target +$40 | stop $-150)
2026-05-18 14:15:00,877 INFO Daily P&L: $+201.33  (limit $-300 | target $200)
2026-05-18 14:15:01,265 INFO   DHR  P&L $+4.08  (target +$40 | stop $-150)
2026-05-18 14:15:01,574 INFO   HUBB  P&L $-0.28  (target +$40 | stop $-150)
2026-05-18 14:15:01,850 INFO   PPL  P&L $+1.14  (target +$40 | stop $-150)
2026-05-18 14:16:01,988 INFO Daily P&L: $+205.52  (limit $-300 | target $200)
2026-05-18 14:16:02,305 INFO   DHR  P&L $+7.68  (target +$40 | stop $-150)
2026-05-18 14:16:02,636 INFO   HUBB  P&L $-3.68  (target +$40 | stop $-150)
2026-05-18 14:16:02,960 INFO   PPL  P&L $+5.13  (target +$40 | stop $-150)
2026-05-18 14:17:03,099 INFO Daily P&L: $+201.76  (limit $-300 | target $200)
2026-05-18 14:17:03,523 INFO   DHR  P&L $+6.48  (target +$40 | stop $-150)
2026-05-18 14:17:03,856 INFO   HUBB  P&L $-6.24  (target +$40 | stop $-150)
2026-05-18 14:17:04,230 INFO   PPL  P&L $+5.13  (target +$40 | stop $-150)
2026-05-18 14:18:04,352 INFO Daily P&L: $+205.93  (limit $-300 | target $200)
2026-05-18 14:18:04,734 INFO   DHR  P&L $+7.92  (target +$40 | stop $-150)
2026-05-18 14:18:05,029 INFO   HUBB  P&L $-4.08  (target +$40 | stop $-150)
2026-05-18 14:18:05,308 INFO   PPL  P&L $+5.70  (target +$40 | stop $-150)
2026-05-18 14:19:05,437 INFO Daily P&L: $+211.95  (limit $-300 | target $200)
2026-05-18 14:19:05,782 INFO   DHR  P&L $+11.28  (target +$40 | stop $-150)
2026-05-18 14:19:06,081 INFO   HUBB  P&L $-7.12  (target +$40 | stop $-150)
2026-05-18 14:19:06,411 INFO   PPL  P&L $+11.40  (target +$40 | stop $-150)
2026-05-18 14:20:06,537 INFO Daily P&L: $+209.56  (limit $-300 | target $200)
2026-05-18 14:20:06,924 INFO   DHR  P&L $+8.28  (target +$40 | stop $-150)
2026-05-18 14:20:07,208 INFO   HUBB  P&L $-7.08  (target +$40 | stop $-150)
2026-05-18 14:20:07,531 INFO   PPL  P&L $+11.97  (target +$40 | stop $-150)
2026-05-18 14:21:07,652 INFO Daily P&L: $+209.27  (limit $-300 | target $200)
2026-05-18 14:21:08,079 INFO   DHR  P&L $+9.00  (target +$40 | stop $-150)
2026-05-18 14:21:08,436 INFO   HUBB  P&L $-7.52  (target +$40 | stop $-150)
2026-05-18 14:21:08,737 INFO   PPL  P&L $+11.40  (target +$40 | stop $-150)
2026-05-18 14:22:08,854 INFO Daily P&L: $+212.51  (limit $-300 | target $200)
2026-05-18 14:22:09,214 INFO   DHR  P&L $+8.04  (target +$40 | stop $-150)
2026-05-18 14:22:09,567 INFO   HUBB  P&L $-5.60  (target +$40 | stop $-150)
2026-05-18 14:22:09,839 INFO   PPL  P&L $+13.68  (target +$40 | stop $-150)
2026-05-18 14:23:10,581 INFO Daily P&L: $+209.11  (limit $-300 | target $200)
2026-05-18 14:23:11,101 INFO   DHR  P&L $+7.92  (target +$40 | stop $-150)
2026-05-18 14:23:11,385 INFO   HUBB  P&L $-8.88  (target +$40 | stop $-150)
2026-05-18 14:23:11,667 INFO   PPL  P&L $+13.68  (target +$40 | stop $-150)
2026-05-18 14:24:11,968 INFO Daily P&L: $+211.71  (limit $-300 | target $200)
2026-05-18 14:24:12,362 INFO   DHR  P&L $+5.76  (target +$40 | stop $-150)
2026-05-18 14:24:12,692 INFO   HUBB  P&L $-6.40  (target +$40 | stop $-150)
2026-05-18 14:24:13,530 INFO   PPL  P&L $+15.96  (target +$40 | stop $-150)
2026-05-18 14:25:13,642 INFO Daily P&L: $+209.99  (limit $-300 | target $200)
2026-05-18 14:25:13,963 INFO   DHR  P&L $+5.52  (target +$40 | stop $-150)
2026-05-18 14:25:14,260 INFO   HUBB  P&L $-7.88  (target +$40 | stop $-150)
2026-05-18 14:25:14,570 INFO   PPL  P&L $+15.96  (target +$40 | stop $-150)
2026-05-18 14:26:14,689 INFO Daily P&L: $+211.19  (limit $-300 | target $200)
2026-05-18 14:26:15,131 INFO   DHR  P&L $+4.56  (target +$40 | stop $-150)
2026-05-18 14:26:15,503 INFO   HUBB  P&L $-8.00  (target +$40 | stop $-150)
2026-05-18 14:26:15,893 INFO   PPL  P&L $+18.24  (target +$40 | stop $-150)
2026-05-18 14:27:16,011 INFO Daily P&L: $+205.91  (limit $-300 | target $200)
2026-05-18 14:27:16,319 INFO   DHR  P&L $+1.20  (target +$40 | stop $-150)
2026-05-18 14:27:16,579 INFO   HUBB  P&L $-9.92  (target +$40 | stop $-150)
2026-05-18 14:27:16,931 INFO   PPL  P&L $+18.24  (target +$40 | stop $-150)
2026-05-18 14:28:17,049 INFO Daily P&L: $+208.88  (limit $-300 | target $200)
2026-05-18 14:28:17,738 INFO   DHR  P&L $+3.36  (target +$40 | stop $-150)
2026-05-18 14:28:18,004 INFO   HUBB  P&L $-9.68  (target +$40 | stop $-150)
2026-05-18 14:28:18,688 INFO   PPL  P&L $+18.81  (target +$40 | stop $-150)
2026-05-18 14:29:18,831 INFO Daily P&L: $+214.75  (limit $-300 | target $200)
2026-05-18 14:29:19,142 INFO   DHR  P&L $+2.10  (target +$40 | stop $-150)
2026-05-18 14:29:19,428 INFO   HUBB  P&L $-0.84  (target +$40 | stop $-150)
2026-05-18 14:29:19,728 INFO   PPL  P&L $+17.10  (target +$40 | stop $-150)
2026-05-18 14:30:19,848 INFO Daily P&L: $+213.49  (limit $-300 | target $200)
2026-05-18 14:30:20,251 INFO   DHR  P&L $+3.12  (target +$40 | stop $-150)
2026-05-18 14:30:20,616 INFO   HUBB  P&L $-0.84  (target +$40 | stop $-150)
2026-05-18 14:30:20,996 INFO   PPL  P&L $+14.82  (target +$40 | stop $-150)
2026-05-18 14:31:21,134 INFO Daily P&L: $+209.41  (limit $-300 | target $200)
2026-05-18 14:31:21,560 INFO   DHR  P&L $+2.64  (target +$40 | stop $-150)
2026-05-18 14:31:21,845 INFO   HUBB  P&L $-2.16  (target +$40 | stop $-150)
2026-05-18 14:31:22,145 INFO   PPL  P&L $+12.54  (target +$40 | stop $-150)
2026-05-18 14:32:22,260 INFO Daily P&L: $+209.35  (limit $-300 | target $200)
2026-05-18 14:32:22,612 INFO   DHR  P&L $+2.76  (target +$40 | stop $-150)
2026-05-18 14:32:22,925 INFO   HUBB  P&L $-1.20  (target +$40 | stop $-150)
2026-05-18 14:32:23,208 INFO   PPL  P&L $+11.40  (target +$40 | stop $-150)
2026-05-18 14:33:23,318 INFO Daily P&L: $+203.64  (limit $-300 | target $200)
2026-05-18 14:33:23,686 INFO   DHR  P&L $+0.48  (target +$40 | stop $-150)
2026-05-18 14:33:23,991 INFO   HUBB  P&L $-5.20  (target +$40 | stop $-150)
2026-05-18 14:33:24,311 INFO   PPL  P&L $+11.97  (target +$40 | stop $-150)
2026-05-18 14:34:25,356 INFO Daily P&L: $+209.27  (limit $-300 | target $200)
2026-05-18 14:34:25,713 INFO   DHR  P&L $+1.08  (target +$40 | stop $-150)
2026-05-18 14:34:26,024 INFO   HUBB  P&L $-6.44  (target +$40 | stop $-150)
2026-05-18 14:34:26,426 INFO   PPL  P&L $+18.24  (target +$40 | stop $-150)
2026-05-18 14:35:26,889 INFO Daily P&L: $+205.43  (limit $-300 | target $200)
2026-05-18 14:35:32,088 INFO   DHR  P&L $+4.80  (target +$40 | stop $-150)
2026-05-18 14:35:32,374 INFO   HUBB  P&L $-9.44  (target +$40 | stop $-150)
2026-05-18 14:35:32,641 INFO   PPL  P&L $+13.68  (target +$40 | stop $-150)
2026-05-18 14:36:32,767 INFO Daily P&L: $+202.98  (limit $-300 | target $200)
2026-05-18 14:36:33,114 INFO   DHR  P&L $+4.20  (target +$40 | stop $-150)
2026-05-18 14:36:33,570 INFO   HUBB  P&L $-8.44  (target +$40 | stop $-150)
2026-05-18 14:36:33,860 INFO   PPL  P&L $+10.83  (target +$40 | stop $-150)
2026-05-18 14:37:34,129 INFO Daily P&L: $+194.71  (limit $-300 | target $200)
2026-05-18 14:37:34,784 INFO   DHR  P&L $+0.96  (target +$40 | stop $-150)
2026-05-18 14:37:35,315 INFO   HUBB  P&L $-11.76  (target +$40 | stop $-150)
2026-05-18 14:37:35,765 INFO   PPL  P&L $+9.12  (target +$40 | stop $-150)
2026-05-18 14:38:35,897 INFO Daily P&L: $+192.27  (limit $-300 | target $200)
2026-05-18 14:38:36,259 INFO   DHR  P&L $+0.48  (target +$40 | stop $-150)
2026-05-18 14:38:36,547 INFO   HUBB  P&L $-16.00  (target +$40 | stop $-150)
2026-05-18 14:38:36,843 INFO   PPL  P&L $+10.83  (target +$40 | stop $-150)
2026-05-18 21:15:36,089 INFO ============================================================
2026-05-18 21:15:36,090 INFO Mean Reversion Bot started
2026-05-18 21:15:36,097 INFO Entry: RSI < 30 + price > 1.0% below 20-day SMA
2026-05-18 21:15:36,101 INFO Exit:  +$40 target | $-150 stop | RSI >= 50 recovery
2026-05-18 21:15:36,103 INFO ============================================================
2026-05-19 07:00:06,569 INFO ============================================================
2026-05-19 07:00:06,576 INFO Mean Reversion Bot started
2026-05-19 07:00:06,588 INFO Entry: RSI < 30 + price > 1.0% below 20-day SMA
2026-05-19 07:00:06,589 INFO Exit:  +$40 target | $-150 stop | RSI >= 50 recovery
2026-05-19 07:00:06,590 INFO ============================================================
2026-05-19 08:00:11,627 INFO Market closed (Tuesday 08:00 ET). Next open: 2026-05-19 09:30:00-04:00
2026-05-19 09:00:17,236 INFO Market closed (Tuesday 09:00 ET). Next open: 2026-05-19 09:30:00-04:00
2026-05-19 09:30:20,419 INFO Daily P&L: $+222.22  (limit $-300 | target $200)
2026-05-19 09:30:21,354 INFO   DHR  P&L $+30.36  (target +$40 | stop $-150)
2026-05-19 09:30:21,667 INFO   HUBB  P&L $-30.32  (target +$40 | stop $-150)
2026-05-19 09:30:21,979 INFO   PPL  P&L $-0.56  (target +$40 | stop $-150)
2026-05-19 09:31:22,104 INFO Daily P&L: $+181.00  (limit $-300 | target $200)
2026-05-19 09:31:22,467 INFO   DHR  P&L $+24.00  (target +$40 | stop $-150)
2026-05-19 09:31:22,779 INFO   HUBB  P&L $-61.76  (target +$40 | stop $-150)
2026-05-19 09:31:23,075 INFO   PPL  P&L $-3.98  (target +$40 | stop $-150)
2026-05-19 09:32:23,212 INFO Daily P&L: $+187.38  (limit $-300 | target $200)
2026-05-19 09:32:23,508 INFO   DHR  P&L $+33.00  (target +$40 | stop $-150)
2026-05-19 09:32:23,793 INFO   HUBB  P&L $-60.96  (target +$40 | stop $-150)
2026-05-19 09:32:24,077 INFO   PPL  P&L $-7.40  (target +$40 | stop $-150)
2026-05-19 09:33:24,184 INFO Daily P&L: $+197.81  (limit $-300 | target $200)
2026-05-19 09:33:24,529 INFO   DHR  P&L $+25.80  (target +$40 | stop $-150)
2026-05-19 09:33:24,832 INFO   HUBB  P&L $-45.81  (target +$40 | stop $-150)
2026-05-19 09:34:24,950 INFO Daily P&L: $+184.34  (limit $-300 | target $200)
2026-05-19 09:34:25,373 INFO   DHR  P&L $+12.64  (target +$40 | stop $-150)
2026-05-19 09:34:25,706 INFO   HUBB  P&L $-36.50  (target +$40 | stop $-150)
2026-05-19 09:35:25,817 INFO Daily P&L: $+171.39  (limit $-300 | target $200)
2026-05-19 09:35:26,113 INFO   DHR  P&L $+9.17  (target +$40 | stop $-150)
2026-05-19 09:35:26,412 INFO   HUBB  P&L $-19.52  (target +$40 | stop $-150)
2026-05-19 09:36:26,765 INFO Daily P&L: $+170.03  (limit $-300 | target $200)
2026-05-19 09:37:27,334 INFO Daily P&L: $+170.03  (limit $-300 | target $200)
2026-05-19 09:38:27,524 INFO Daily P&L: $+0.00  (limit $-300 | target $200)
2026-05-19 09:38:40,629 INFO ============================================================
2026-05-19 09:38:40,632 INFO Mean Reversion Bot started
2026-05-19 09:38:40,634 INFO Entry: RSI < 30 + price > 1.0% below 20-day SMA
2026-05-19 09:38:40,635 INFO Exit:  +$40 target | $-150 stop | RSI >= 50 recovery
2026-05-19 09:38:40,636 INFO ============================================================
2026-05-19 09:39:27,818 INFO Daily P&L: $+0.00  (limit $-300 | target $200)
2026-05-19 09:39:41,705 INFO Daily P&L: $+0.00  (limit $-300 | target $200)
2026-05-19 09:40:27,985 INFO Daily P&L: $+0.00  (limit $-300 | target $200)
2026-05-19 09:40:41,879 INFO Daily P&L: $+0.00  (limit $-300 | target $200)
2026-05-19 09:41:28,154 INFO Daily P&L: $+0.00  (limit $-300 | target $200)
2026-05-19 09:42:36,815 INFO ============================================================
2026-05-19 09:42:36,819 INFO Mean Reversion Bot started
2026-05-19 09:42:36,821 INFO Entry: RSI < 30 + price > 1.0% below 20-day SMA
2026-05-19 09:42:36,823 INFO Exit:  +$40 target | $-150 stop | RSI >= 50 recovery
2026-05-19 09:42:36,824 INFO ============================================================
2026-05-19 09:43:38,425 INFO Daily P&L: $+0.00  (limit $-300 | target $200)
2026-05-19 09:44:38,637 INFO Daily P&L: $+0.00  (limit $-300 | target $200)
2026-05-19 09:45:38,822 INFO Daily P&L: $+31.55  (limit $-300 | target $200)
2026-05-19 09:45:39,717 INFO RSI RECOVERED ACN RSI>=50, P&L=$19.58 — closing.
2026-05-19 09:45:40,186 INFO   BDX  P&L $-7.17  (target +$40 | stop $-150)
2026-05-19 09:45:40,419 INFO RSI RECOVERED DDOG RSI>=50, P&L=$5.33 — closing.
2026-05-19 09:45:40,859 INFO   TECH  P&L $+1.30  (target +$40 | stop $-150)
2026-05-19 09:45:41,330 INFO   ZTS  P&L $+12.49  (target +$40 | stop $-150)
2026-05-19 09:46:41,453 INFO Daily P&L: $+52.07  (limit $-300 | target $200)
2026-05-19 09:46:41,920 INFO   BDX  P&L $+11.60  (target +$40 | stop $-150)
2026-05-19 09:46:42,273 INFO   TECH  P&L $-2.61  (target +$40 | stop $-150)
2026-05-19 09:46:42,607 INFO   ZTS  P&L $+22.95  (target +$40 | stop $-150)
2026-05-19 09:47:42,766 INFO Daily P&L: $+50.32  (limit $-300 | target $200)
2026-05-19 09:47:43,152 INFO   BDX  P&L $+12.95  (target +$40 | stop $-150)
2026-05-19 09:47:43,421 INFO   TECH  P&L $-6.96  (target +$40 | stop $-150)
2026-05-19 09:47:43,676 INFO   ZTS  P&L $+24.20  (target +$40 | stop $-150)
2026-05-19 09:48:43,817 INFO Daily P&L: $+37.34  (limit $-300 | target $200)
2026-05-19 09:48:44,251 INFO   BDX  P&L $+4.04  (target +$40 | stop $-150)
2026-05-19 09:48:44,821 INFO   TECH  P&L $-11.31  (target +$40 | stop $-150)
2026-05-19 09:48:45,218 INFO   ZTS  P&L $+24.48  (target +$40 | stop $-150)
2026-05-19 09:49:13,074 INFO ============================================================
2026-05-19 09:49:13,078 INFO Mean Reversion Bot started
2026-05-19 09:49:13,081 INFO Entry: RSI < 30 + price > 1.0% below 20-day SMA
2026-05-19 09:49:13,083 INFO Exit:  +$40 target | $-150 stop | RSI >= 50 recovery
2026-05-19 09:49:13,083 INFO ============================================================
2026-05-19 09:50:18,203 INFO Daily P&L: $+64.45  (limit $-300 | target $200)
2026-05-19 09:51:18,589 INFO Daily P&L: $+66.25  (limit $-300 | target $200)
2026-05-19 09:52:18,885 INFO Daily P&L: $+84.97  (limit $-300 | target $200)
2026-05-19 09:53:19,121 INFO Daily P&L: $+86.59  (limit $-300 | target $200)
2026-05-19 09:54:19,288 INFO Daily P&L: $+78.35  (limit $-300 | target $200)
2026-05-19 09:55:19,448 INFO Daily P&L: $+72.83  (limit $-300 | target $200)
2026-05-19 09:56:19,628 INFO Daily P&L: $+63.11  (limit $-300 | target $200)
2026-05-19 09:57:19,797 INFO Daily P&L: $+71.53  (limit $-300 | target $200)
2026-05-19 09:58:19,953 INFO Daily P&L: $+97.36  (limit $-300 | target $200)
2026-05-19 09:59:20,118 INFO Daily P&L: $+101.84  (limit $-300 | target $200)
2026-05-19 10:00:20,890 INFO Daily P&L: $+70.90  (limit $-300 | target $200)
2026-05-19 10:01:21,064 INFO Daily P&L: $+63.88  (limit $-300 | target $200)
2026-05-19 10:02:21,245 INFO Daily P&L: $+86.63  (limit $-300 | target $200)
2026-05-19 10:03:21,426 INFO Daily P&L: $+76.18  (limit $-300 | target $200)
2026-05-20 08:34:20,109 INFO ============================================================
2026-05-20 08:34:20,111 INFO Mean Reversion Bot started
2026-05-20 08:34:20,122 INFO Entry: RSI < 30 + price > 1.0% below 20-day SMA
2026-05-20 08:34:20,123 INFO Exit:  +$20 target | $-25 stop | RSI >= 50 recovery
2026-05-20 08:34:20,124 INFO ============================================================
